// Jest Snapshot v1, https://goo.gl/fbAQLP

exports[`The MobileFastlyCachePurger stack matches the snapshot 1`] = `
{
  "Metadata": {
    "gu:cdk:constructs": [
      "GuDistributionBucketParameter",
      "GuLambdaFunction",
    ],
    "gu:cdk:version": "TEST",
  },
  "Parameters": {
    "DistributionBucketName": {
      "Default": "/account/services/artifact.bucket",
      "Description": "SSM parameter containing the S3 bucket name holding distribution artifacts",
      "Type": "AWS::SSM::Parameter::Value<String>",
    },
  },
  "Resources": {
    "ExecutionRole605A040B": {
      "Properties": {
        "AssumeRolePolicyDocument": {
          "Statement": [
            {
              "Action": "sts:AssumeRole",
              "Effect": "Allow",
              "Principal": {
                "Service": "lambda.amazonaws.com",
              },
            },
          ],
          "Version": "2012-10-17",
        },
        "Path": "/",
        "Policies": [
          {
            "PolicyDocument": {
              "Statement": [
                {
                  "Action": "logs:CreateLogGroup",
                  "Effect": "Allow",
                  "Resource": {
                    "Fn::Join": [
                      "",
                      [
                        "arn:aws:logs:eu-west-1:",
                        {
                          "Ref": "AWS::AccountId",
                        },
                        ":*",
                      ],
                    ],
                  },
                },
                {
                  "Action": [
                    "logs:CreateLogStream",
                    "logs:PutLogEvents",
                  ],
                  "Effect": "Allow",
                  "Resource": {
                    "Fn::Join": [
                      "",
                      [
                        "arn:aws:logs:eu-west-1:",
                        {
                          "Ref": "AWS::AccountId",
                        },
                        ":log-group:/aws/lambda/*:*",
                      ],
                    ],
                  },
                },
              ],
              "Version": "2012-10-17",
            },
            "PolicyName": "logs",
          },
          {
            "PolicyDocument": {
              "Statement": [
                {
                  "Action": "ssm:GetParametersByPath",
                  "Effect": "Allow",
                  "Resource": {
                    "Fn::Join": [
                      "",
                      [
                        "arn:aws:ssm:",
                        {
                          "Ref": "AWS::Region",
                        },
                        ":",
                        {
                          "Ref": "AWS::AccountId",
                        },
                        ":parameter/cache-purger/TEST",
                      ],
                    ],
                  },
                },
              ],
              "Version": "2012-10-17",
            },
            "PolicyName": "Conf",
          },
        ],
        "Tags": [
          {
            "Key": "gu:cdk:version",
            "Value": "TEST",
          },
          {
            "Key": "gu:repo",
            "Value": "guardian/mobile-fastly-cache-purger",
          },
          {
            "Key": "Stack",
            "Value": "mobile-fastly-cache-purger",
          },
          {
            "Key": "Stage",
            "Value": "TEST",
          },
        ],
      },
      "Type": "AWS::IAM::Role",
    },
    "ExecutionRoleDefaultPolicyA5B92313": {
      "Properties": {
        "PolicyDocument": {
          "Statement": [
            {
              "Action": [
                "s3:GetObject*",
                "s3:GetBucket*",
                "s3:List*",
              ],
              "Effect": "Allow",
              "Resource": [
                {
                  "Fn::Join": [
                    "",
                    [
                      "arn:",
                      {
                        "Ref": "AWS::Partition",
                      },
                      ":s3:::",
                      {
                        "Ref": "DistributionBucketName",
                      },
                    ],
                  ],
                },
                {
                  "Fn::Join": [
                    "",
                    [
                      "arn:",
                      {
                        "Ref": "AWS::Partition",
                      },
                      ":s3:::",
                      {
                        "Ref": "DistributionBucketName",
                      },
                      "/mobile-fastly-cache-purger/TEST/mobile-fastly-cache-purger/mobile-fastly-cache-purger.jar",
                    ],
                  ],
                },
              ],
            },
            {
              "Action": "ssm:GetParametersByPath",
              "Effect": "Allow",
              "Resource": {
                "Fn::Join": [
                  "",
                  [
                    "arn:aws:ssm:",
                    {
                      "Ref": "AWS::Region",
                    },
                    ":",
                    {
                      "Ref": "AWS::AccountId",
                    },
                    ":parameter/TEST/mobile-fastly-cache-purger/mobile-fastly-cache-purger",
                  ],
                ],
              },
            },
            {
              "Action": [
                "ssm:GetParameters",
                "ssm:GetParameter",
              ],
              "Effect": "Allow",
              "Resource": {
                "Fn::Join": [
                  "",
                  [
                    "arn:aws:ssm:",
                    {
                      "Ref": "AWS::Region",
                    },
                    ":",
                    {
                      "Ref": "AWS::AccountId",
                    },
                    ":parameter/TEST/mobile-fastly-cache-purger/mobile-fastly-cache-purger/*",
                  ],
                ],
              },
            },
            {
              "Action": [
                "sqs:ReceiveMessage",
                "sqs:ChangeMessageVisibility",
                "sqs:GetQueueUrl",
                "sqs:DeleteMessage",
                "sqs:GetQueueAttributes",
              ],
              "Effect": "Allow",
              "Resource": {
                "Fn::GetAtt": [
                  "frontsPurgeSqsC6BB4572",
                  "Arn",
                ],
              },
            },
          ],
          "Version": "2012-10-17",
        },
        "PolicyName": "ExecutionRoleDefaultPolicyA5B92313",
        "Roles": [
          {
            "Ref": "ExecutionRole605A040B",
          },
        ],
      },
      "Type": "AWS::IAM::Policy",
    },
    "frontsPurgeDlq224A89E8": {
      "DeletionPolicy": "Delete",
      "Properties": {
        "Tags": [
          {
            "Key": "gu:cdk:version",
            "Value": "TEST",
          },
          {
            "Key": "gu:repo",
            "Value": "guardian/mobile-fastly-cache-purger",
          },
          {
            "Key": "Stack",
            "Value": "mobile-fastly-cache-purger",
          },
          {
            "Key": "Stage",
            "Value": "TEST",
          },
        ],
      },
      "Type": "AWS::SQS::Queue",
      "UpdateReplacePolicy": "Delete",
    },
    "frontsPurgeSqsC6BB4572": {
      "DeletionPolicy": "Delete",
      "Properties": {
        "RedrivePolicy": {
          "deadLetterTargetArn": {
            "Fn::GetAtt": [
              "frontsPurgeDlq224A89E8",
              "Arn",
            ],
          },
          "maxReceiveCount": 3,
        },
        "Tags": [
          {
            "Key": "gu:cdk:version",
            "Value": "TEST",
          },
          {
            "Key": "gu:repo",
            "Value": "guardian/mobile-fastly-cache-purger",
          },
          {
            "Key": "Stack",
            "Value": "mobile-fastly-cache-purger",
          },
          {
            "Key": "Stage",
            "Value": "TEST",
          },
        ],
        "VisibilityTimeout": 70,
      },
      "Type": "AWS::SQS::Queue",
      "UpdateReplacePolicy": "Delete",
    },
    "frontsPurgeSqsMobileFastlyCachePurgerFrontsUpdateSNSTopic7A288BA5EDF5FFD8": {
      "DependsOn": [
        "frontsPurgeSqsPolicy6F57468C",
      ],
      "Properties": {
        "Endpoint": {
          "Fn::GetAtt": [
            "frontsPurgeSqsC6BB4572",
            "Arn",
          ],
        },
        "Protocol": "sqs",
        "Region": {
          "Ref": "AWS::Region",
        },
        "TopicArn": {
          "Fn::Join": [
            "",
            [
              "arn:aws:sns:",
              {
                "Ref": "AWS::Region",
              },
              ":163592447864:facia-TEST-FrontsUpdateSNSTopic-RepwK3g95V3w",
            ],
          ],
        },
      },
      "Type": "AWS::SNS::Subscription",
    },
    "frontsPurgeSqsPolicy6F57468C": {
      "Properties": {
        "PolicyDocument": {
          "Statement": [
            {
              "Action": "sqs:SendMessage",
              "Condition": {
                "ArnEquals": {
                  "aws:SourceArn": {
                    "Fn::Join": [
                      "",
                      [
                        "arn:aws:sns:",
                        {
                          "Ref": "AWS::Region",
                        },
                        ":163592447864:facia-TEST-FrontsUpdateSNSTopic-RepwK3g95V3w",
                      ],
                    ],
                  },
                },
              },
              "Effect": "Allow",
              "Principal": {
                "Service": "sns.amazonaws.com",
              },
              "Resource": {
                "Fn::GetAtt": [
                  "frontsPurgeSqsC6BB4572",
                  "Arn",
                ],
              },
            },
          ],
          "Version": "2012-10-17",
        },
        "Queues": [
          {
            "Ref": "frontsPurgeSqsC6BB4572",
          },
        ],
      },
      "Type": "AWS::SQS::QueuePolicy",
    },
    "mobilefastlycachepurgerFDB90D2A": {
      "DependsOn": [
        "ExecutionRoleDefaultPolicyA5B92313",
        "ExecutionRole605A040B",
      ],
      "Properties": {
        "Code": {
          "S3Bucket": {
            "Ref": "DistributionBucketName",
          },
          "S3Key": "mobile-fastly-cache-purger/TEST/mobile-fastly-cache-purger/mobile-fastly-cache-purger.jar",
        },
        "Environment": {
          "Variables": {
            "APP": "mobile-fastly-cache-purger",
            "App": "mobile-fastly-cache-purger",
            "STACK": "mobile-fastly-cache-purger",
            "STAGE": "TEST",
            "Stack": "mobile-fastly-cache-purger",
            "Stage": "TEST",
          },
        },
        "FunctionName": "mobile-fastly-cache-purger-cdk-TEST",
        "Handler": "PurgerLambda::handleRequest",
        "MemorySize": 1024,
        "Role": {
          "Fn::GetAtt": [
            "ExecutionRole605A040B",
            "Arn",
          ],
        },
        "Runtime": "java11",
        "Tags": [
          {
            "Key": "App",
            "Value": "mobile-fastly-cache-purger",
          },
          {
            "Key": "gu:cdk:version",
            "Value": "TEST",
          },
          {
            "Key": "gu:repo",
            "Value": "guardian/mobile-fastly-cache-purger",
          },
          {
            "Key": "Stack",
            "Value": "mobile-fastly-cache-purger",
          },
          {
            "Key": "Stage",
            "Value": "TEST",
          },
        ],
        "Timeout": 60,
      },
      "Type": "AWS::Lambda::Function",
    },
    "mobilefastlycachepurgerSqsEventSourceMobileFastlyCachePurgerfrontsPurgeSqsE6F58D3DEF06EEF4": {
      "Properties": {
        "EventSourceArn": {
          "Fn::GetAtt": [
            "frontsPurgeSqsC6BB4572",
            "Arn",
          ],
        },
        "FunctionName": {
          "Ref": "mobilefastlycachepurgerFDB90D2A",
        },
      },
      "Type": "AWS::Lambda::EventSourceMapping",
    },
  },
}
`;
